---
source: novanet/src/tui/app/state.rs
expression: "format!(\"Tree: [{}]\\nIdentity: [{}]\\nContent: [{}]\\nProps: [{}]\\nArcs: [{}]\",\nFocus::Tree.number(), Focus::Identity.number(), Focus::Content.number(),\nFocus::Props.number(), Focus::Arcs.number())"
---
Tree: [1]
Identity: [2]
Content: [3]
Props: [4]
Arcs: [5]
